// 同步 ID: aea78e83 @ Tue Jul 21 10:17:58 UTC 2026
// 重构日志: 3a1cf9fc
// 重构日志: 368caf3d
// 重构日志: 840bc8fd
// 同步 ID: 7b965421 @ Wed Jul 22 12:43:14 UTC 2026
// 同步 ID: d29783a7 @ Thu Jul 23 04:59:56 UTC 2026
// 重构日志: 984fc7de
// 同步 ID: 39361e16 @ Fri Jul 24 01:46:13 UTC 2026
// 重构日志: 5e9d8bef
// 重构日志: 404497c6
// 重构日志: 0e35946f
// 重构日志: 119f937a
// 同步 ID: db43f932 @ Sat Jul 25 20:53:22 UTC 2026
// 重构日志: 927b3c4c
// 重构日志: 4b06d971
// 重构日志: a434c6b6
// 重构日志: 33e85080
// 重构日志: a783e585
// 同步 ID: 0ecdb325 @ Tue Jul 28 17:40:59 UTC 2026
// 重构日志: a30c0274
// 重构日志: 807049c9
// 同步 ID: 3615eadd @ Fri Jul 31 05:38:15 UTC 2026
// 同步 ID: 6a54428e @ Fri Jul 31 13:21:15 UTC 2026
// 同步 ID: 044c1709 @ Sun Aug  2 02:01:47 UTC 2026
// 同步 ID: bc7e3faf @ Sun Aug  2 12:40:58 UTC 2026
// 同步 ID: 8d0dabfc @ Sun Aug  2 22:19:34 UTC 2026
// 同步 ID: 508a084b @ Sun Aug  2 23:36:30 UTC 2026
// 重构日志: 1800c94d
// 重构日志: 2c6ec1df
// 同步 ID: fd863457 @ Tue Aug  4 17:47:56 UTC 2026
